
   FAIL  Tests\Feature\Api\ChatRoomTest
  Γ¿» unauthorized user cannot view messages
  Γ¿» unauthorized user cannot send messages
  Γ¿» client can send and view messages
  Γ¿» expert can send and view messages
  ΓöÇΓöÇΓöÇΓöÇΓöÇΓöÇΓöÇΓöÇΓöÇΓöÇΓöÇΓöÇΓöÇΓöÇΓöÇΓöÇΓöÇΓöÇΓöÇ  
  ΓÇª   QueryException   
  SQLSTATE[HY000]: General error: 1 near "CONSTRAINT": syntax error (Connection: sqlite, Database: :memory:, SQL: ALTER TABLE wallet_transactions DROP CONSTRAINT IF EXISTS wallet_transactions_type_check)

  at vendor\laravel\framework\src\Illuminate\Database\Connection.php:838
    834Γûò             $exceptionType = $this->isUniqueConstraintError($e)
    835Γûò                 ? UniqueConstraintViolationException::class
    836Γûò                 : QueryException::class;
    837Γûò 
  Γ₧£ 838Γûò             throw new $exceptionType(
    839Γûò                 $this->getNameWithReadWriteType(),
    840Γûò                 $query,
    841Γûò                 $this->prepareBindings($bindings),
    842Γûò                 $e,

  1   vendor\laravel\framework\src\Illuminate\Database\Connection.php:838

  2   vendor\laravel\framework\src\Illuminate\Database\Connection.php:578
      NunoMaduro\Collision\Exceptions\TestException::("SQLSTATE[HY000]: General error: 1 near "CONSTRAINT": syntax error")

  ΓöÇΓöÇΓöÇΓöÇΓöÇΓöÇΓöÇΓöÇΓöÇΓöÇΓöÇΓöÇΓöÇΓöÇΓöÇΓöÇΓöÇΓöÇΓöÇ  
  ΓÇª   QueryException   
  SQLSTATE[HY000]: General error: 1 near "CONSTRAINT": syntax error (Connection: sqlite, Database: :memory:, SQL: ALTER TABLE wallet_transactions DROP CONSTRAINT IF EXISTS wallet_transactions_type_check)

  at vendor\laravel\framework\src\Illuminate\Database\Connection.php:838
    834Γûò             $exceptionType = $this->isUniqueConstraintError($e)
    835Γûò                 ? UniqueConstraintViolationException::class
    836Γûò                 : QueryException::class;
    837Γûò 
  Γ₧£ 838Γûò             throw new $exceptionType(
    839Γûò                 $this->getNameWithReadWriteType(),
    840Γûò                 $query,
    841Γûò                 $this->prepareBindings($bindings),
    842Γûò                 $e,

  1   vendor\laravel\framework\src\Illuminate\Database\Connection.php:838

  2   vendor\laravel\framework\src\Illuminate\Database\Connection.php:578
      NunoMaduro\Collision\Exceptions\TestException::("SQLSTATE[HY000]: General error: 1 near "CONSTRAINT": syntax error")

  ΓöÇΓöÇΓöÇΓöÇΓöÇΓöÇΓöÇΓöÇΓöÇΓöÇΓöÇΓöÇΓöÇΓöÇΓöÇΓöÇΓöÇΓöÇΓöÇ  
  ΓÇª   QueryException   
  SQLSTATE[HY000]: General error: 1 near "CONSTRAINT": syntax error (Connection: sqlite, Database: :memory:, SQL: ALTER TABLE wallet_transactions DROP CONSTRAINT IF EXISTS wallet_transactions_type_check)

  at vendor\laravel\framework\src\Illuminate\Database\Connection.php:838
    834Γûò             $exceptionType = $this->isUniqueConstraintError($e)
    835Γûò                 ? UniqueConstraintViolationException::class
    836Γûò                 : QueryException::class;
    837Γûò 
  Γ₧£ 838Γûò             throw new $exceptionType(
    839Γûò                 $this->getNameWithReadWriteType(),
    840Γûò                 $query,
    841Γûò                 $this->prepareBindings($bindings),
    842Γûò                 $e,

  1   vendor\laravel\framework\src\Illuminate\Database\Connection.php:838

  2   vendor\laravel\framework\src\Illuminate\Database\Connection.php:578
      NunoMaduro\Collision\Exceptions\TestException::("SQLSTATE[HY000]: General error: 1 near "CONSTRAINT": syntax error")

  ΓöÇΓöÇΓöÇΓöÇΓöÇΓöÇΓöÇΓöÇΓöÇΓöÇΓöÇΓöÇΓöÇΓöÇΓöÇΓöÇΓöÇΓöÇΓöÇ  
  ΓÇª   QueryException   
  SQLSTATE[HY000]: General error: 1 near "CONSTRAINT": syntax error (Connection: sqlite, Database: :memory:, SQL: ALTER TABLE wallet_transactions DROP CONSTRAINT IF EXISTS wallet_transactions_type_check)

  at vendor\laravel\framework\src\Illuminate\Database\Connection.php:838
    834Γûò             $exceptionType = $this->isUniqueConstraintError($e)
    835Γûò                 ? UniqueConstraintViolationException::class
    836Γûò                 : QueryException::class;
    837Γûò 
  Γ₧£ 838Γûò             throw new $exceptionType(
    839Γûò                 $this->getNameWithReadWriteType(),
    840Γûò                 $query,
    841Γûò                 $this->prepareBindings($bindings),
    842Γûò                 $e,

  1   vendor\laravel\framework\src\Illuminate\Database\Connection.php:838

  2   vendor\laravel\framework\src\Illuminate\Database\Connection.php:578
      NunoMaduro\Collision\Exceptions\TestException::("SQLSTATE[HY000]: General error: 1 near "CONSTRAINT": syntax error")


  Tests:    4 failed (0 assertions)
  Duration: 1.72s

